============================= test session starts =============================
platform win32 -- Python 3.12.4, pytest-9.0.2, pluggy-1.6.0 -- C:\Users\USER\Downloads\kata project\kata project\backend\venv\Scripts\python.exe
cachedir: .pytest_cache
rootdir: C:\Users\USER\Downloads\kata project\kata project\backend
configfile: pytest.ini
testpaths: tests
plugins: anyio-4.12.0, asyncio-1.3.0, cov-7.0.0
asyncio: mode=Mode.AUTO, debug=False, asyncio_default_fixture_loop_scope=None, asyncio_default_test_loop_scope=function
collecting ... collected 20 items

tests/test_auth.py::test_register_user PASSED                            [  5%]
tests/test_auth.py::test_register_duplicate_email PASSED                 [ 10%]
tests/test_auth.py::test_login_success PASSED                            [ 15%]
tests/test_auth.py::test_login_invalid_email PASSED                      [ 20%]
tests/test_auth.py::test_login_invalid_password PASSED                   [ 25%]
tests/test_inventory.py::test_purchase_sweet FAILED                      [ 30%]
tests/test_inventory.py::test_purchase_sweet_out_of_stock FAILED         [ 35%]
tests/test_inventory.py::test_restock_sweet_as_admin FAILED              [ 40%]
tests/test_inventory.py::test_restock_sweet_as_user FAILED               [ 45%]
tests/test_inventory.py::test_restock_invalid_quantity FAILED            [ 50%]
tests/test_sweets.py::test_create_sweet_as_admin FAILED                  [ 55%]
tests/test_sweets.py::test_create_sweet_as_user FAILED                   [ 60%]
tests/test_sweets.py::test_get_all_sweets FAILED                         [ 65%]
tests/test_sweets.py::test_get_sweets_requires_auth FAILED               [ 70%]
tests/test_sweets.py::test_search_sweets_by_name FAILED                  [ 75%]
tests/test_sweets.py::test_search_sweets_by_category FAILED              [ 80%]
tests/test_sweets.py::test_search_sweets_by_price_range FAILED           [ 85%]
tests/test_sweets.py::test_update_sweet FAILED                           [ 90%]
tests/test_sweets.py::test_delete_sweet_as_admin FAILED                  [ 95%]
tests/test_sweets.py::test_delete_sweet_as_user FAILED                   [100%]

================================== FAILURES ===================================
_____________________________ test_purchase_sweet _____________________________

client = <starlette.testclient.TestClient object at 0x000001858F7BCF80>
user_token = 'eyJhbGciOiJIUzI1NiIsInR5cCI6IkpXVCJ9.eyJzdWIiOjEsImVtYWlsIjoidGVzdEBleGFtcGxlLmNvbSIsInJvbGUiOiJ1c2VyIiwiZXhwIjoxNzY1ODE2ODk2fQ.utToDE5rMR2j0iuVjqRSUvb3MEE67NNvY5vmiLxKzYU'
test_sweet = <app.models.sweet.Sweet object at 0x000001858FD57D10>

    def test_purchase_sweet(client, user_token, test_sweet):
        """Test purchasing a sweet"""
        initial_quantity = test_sweet.quantity
    
        response = client.post(
            f"/api/sweets/{test_sweet.id}/purchase",
            headers={"Authorization": f"Bearer {user_token}"}
        )
>       assert response.status_code == status.HTTP_200_OK
E       assert 401 == 200
E        +  where 401 = <Response [401 Unauthorized]>.status_code
E        +  and   200 = status.HTTP_200_OK

tests\test_inventory.py:13: AssertionError
---------------------------- Captured stdout call -----------------------------
get_current_user: Token received (first 20 chars): eyJhbGciOiJIUzI1NiIs...
verify_token: JWT Error - Subject must be a string.
get_current_user: Token verification failed
______________________ test_purchase_sweet_out_of_stock _______________________

client = <starlette.testclient.TestClient object at 0x000001858FD563C0>
user_token = 'eyJhbGciOiJIUzI1NiIsInR5cCI6IkpXVCJ9.eyJzdWIiOjEsImVtYWlsIjoidGVzdEBleGFtcGxlLmNvbSIsInJvbGUiOiJ1c2VyIiwiZXhwIjoxNzY1ODE2ODk3fQ.k_ckWG8_7RpvMHCPn3Z76CwWLBU5lPwZtHedcj7e8dQ'
db_session = <sqlalchemy.orm.session.Session object at 0x000001858FD57830>
test_sweet = <app.models.sweet.Sweet object at 0x000001858FB9A510>

    def test_purchase_sweet_out_of_stock(client, user_token, db_session, test_sweet):
        """Test purchasing a sweet that's out of stock"""
        # Set quantity to 0
        test_sweet.quantity = 0
        db_session.commit()
    
        response = client.post(
            f"/api/sweets/{test_sweet.id}/purchase",
            headers={"Authorization": f"Bearer {user_token}"}
        )
>       assert response.status_code == status.HTTP_400_BAD_REQUEST
E       assert 401 == 400
E        +  where 401 = <Response [401 Unauthorized]>.status_code
E        +  and   400 = status.HTTP_400_BAD_REQUEST

tests\test_inventory.py:28: AssertionError
---------------------------- Captured stdout call -----------------------------
get_current_user: Token received (first 20 chars): eyJhbGciOiJIUzI1NiIs...
verify_token: JWT Error - Subject must be a string.
get_current_user: Token verification failed
_________________________ test_restock_sweet_as_admin _________________________

client = <starlette.testclient.TestClient object at 0x000001858FD57B00>
admin_token = 'eyJhbGciOiJIUzI1NiIsInR5cCI6IkpXVCJ9.eyJzdWIiOjEsImVtYWlsIjoiYWRtaW5AZXhhbXBsZS5jb20iLCJyb2xlIjoiYWRtaW4iLCJleHAiOjE3NjU4MTY4OTd9.M9wz2WPNJy5IkXSYR1WoaeLnE13H_r0i4CX4ZoxrOjo'
test_sweet = <app.models.sweet.Sweet object at 0x000001858FD96330>

    def test_restock_sweet_as_admin(client, admin_token, test_sweet):
        """Test restocking a sweet as admin"""
        initial_quantity = test_sweet.quantity
        restock_amount = 50
    
        response = client.post(
            f"/api/sweets/{test_sweet.id}/restock",
            json={"quantity": restock_amount},
            headers={"Authorization": f"Bearer {admin_token}"}
        )
>       assert response.status_code == status.HTTP_200_OK
E       assert 401 == 200
E        +  where 401 = <Response [401 Unauthorized]>.status_code
E        +  and   200 = status.HTTP_200_OK

tests\test_inventory.py:42: AssertionError
---------------------------- Captured stdout call -----------------------------
get_current_user: Token received (first 20 chars): eyJhbGciOiJIUzI1NiIs...
verify_token: JWT Error - Subject must be a string.
get_current_user: Token verification failed
_________________________ test_restock_sweet_as_user __________________________

client = <starlette.testclient.TestClient object at 0x000001858FB9B320>
user_token = 'eyJhbGciOiJIUzI1NiIsInR5cCI6IkpXVCJ9.eyJzdWIiOjEsImVtYWlsIjoidGVzdEBleGFtcGxlLmNvbSIsInJvbGUiOiJ1c2VyIiwiZXhwIjoxNzY1ODE2ODk4fQ.8jeyb_0e-NthMQ5OZLusfwExS_vk6Lmjicq9mbiuEPc'
test_sweet = <app.models.sweet.Sweet object at 0x000001858FD97F50>

    def test_restock_sweet_as_user(client, user_token, test_sweet):
        """Test that regular users cannot restock"""
        response = client.post(
            f"/api/sweets/{test_sweet.id}/restock",
            json={"quantity": 50},
            headers={"Authorization": f"Bearer {user_token}"}
        )
>       assert response.status_code == status.HTTP_403_FORBIDDEN
E       assert 401 == 403
E        +  where 401 = <Response [401 Unauthorized]>.status_code
E        +  and   403 = status.HTTP_403_FORBIDDEN

tests\test_inventory.py:54: AssertionError
---------------------------- Captured stdout call -----------------------------
get_current_user: Token received (first 20 chars): eyJhbGciOiJIUzI1NiIs...
verify_token: JWT Error - Subject must be a string.
get_current_user: Token verification failed
________________________ test_restock_invalid_quantity ________________________

client = <starlette.testclient.TestClient object at 0x000001858FD96960>
admin_token = 'eyJhbGciOiJIUzI1NiIsInR5cCI6IkpXVCJ9.eyJzdWIiOjEsImVtYWlsIjoiYWRtaW5AZXhhbXBsZS5jb20iLCJyb2xlIjoiYWRtaW4iLCJleHAiOjE3NjU4MTY4OTh9.TDhho_WaYoCGFIa1mxPyGDqCpqLqUNCXVM1LLv1UEYE'
test_sweet = <app.models.sweet.Sweet object at 0x000001858FE152E0>

    def test_restock_invalid_quantity(client, admin_token, test_sweet):
        """Test restocking with invalid quantity"""
        response = client.post(
            f"/api/sweets/{test_sweet.id}/restock",
            json={"quantity": -10},
            headers={"Authorization": f"Bearer {admin_token}"}
        )
>       assert response.status_code == status.HTTP_422_UNPROCESSABLE_ENTITY
E       assert 401 == 422
E        +  where 401 = <Response [401 Unauthorized]>.status_code
E        +  and   422 = status.HTTP_422_UNPROCESSABLE_ENTITY

tests\test_inventory.py:64: AssertionError
---------------------------- Captured stdout call -----------------------------
get_current_user: Token received (first 20 chars): eyJhbGciOiJIUzI1NiIs...
verify_token: JWT Error - Subject must be a string.
get_current_user: Token verification failed
_________________________ test_create_sweet_as_admin __________________________

client = <starlette.testclient.TestClient object at 0x000001858FD97110>
admin_token = 'eyJhbGciOiJIUzI1NiIsInR5cCI6IkpXVCJ9.eyJzdWIiOjEsImVtYWlsIjoiYWRtaW5AZXhhbXBsZS5jb20iLCJyb2xlIjoiYWRtaW4iLCJleHAiOjE3NjU4MTY4OTh9.TDhho_WaYoCGFIa1mxPyGDqCpqLqUNCXVM1LLv1UEYE'

    def test_create_sweet_as_admin(client, admin_token):
        """Test creating a sweet as admin"""
        response = client.post(
            "/api/sweets",
            json={
                "name": "Gummy Bears",
                "category": "Gummies",
                "price": 1.50,
                "quantity": 50
            },
            headers={"Authorization": f"Bearer {admin_token}"}
        )
>       assert response.status_code == status.HTTP_201_CREATED
E       assert 401 == 201
E        +  where 401 = <Response [401 Unauthorized]>.status_code
E        +  and   201 = status.HTTP_201_CREATED

tests\test_sweets.py:17: AssertionError
---------------------------- Captured stdout call -----------------------------
get_current_user: Token received (first 20 chars): eyJhbGciOiJIUzI1NiIs...
verify_token: JWT Error - Subject must be a string.
get_current_user: Token verification failed
__________________________ test_create_sweet_as_user __________________________

client = <starlette.testclient.TestClient object at 0x000001858FD957C0>
user_token = 'eyJhbGciOiJIUzI1NiIsInR5cCI6IkpXVCJ9.eyJzdWIiOjEsImVtYWlsIjoidGVzdEBleGFtcGxlLmNvbSIsInJvbGUiOiJ1c2VyIiwiZXhwIjoxNzY1ODE2ODk5fQ.boRSWv9wfVPrT6SoObFeqh4pBfbFV9qN7spyYLRPmIU'

    def test_create_sweet_as_user(client, user_token):
        """Test that regular users cannot create sweets"""
        response = client.post(
            "/api/sweets",
            json={
                "name": "Gummy Bears",
                "category": "Gummies",
                "price": 1.50,
                "quantity": 50
            },
            headers={"Authorization": f"Bearer {user_token}"}
        )
>       assert response.status_code == status.HTTP_403_FORBIDDEN
E       assert 401 == 403
E        +  where 401 = <Response [401 Unauthorized]>.status_code
E        +  and   403 = status.HTTP_403_FORBIDDEN

tests\test_sweets.py:38: AssertionError
---------------------------- Captured stdout call -----------------------------
get_current_user: Token received (first 20 chars): eyJhbGciOiJIUzI1NiIs...
verify_token: JWT Error - Subject must be a string.
get_current_user: Token verification failed
_____________________________ test_get_all_sweets _____________________________

client = <starlette.testclient.TestClient object at 0x000001858FE15DC0>
user_token = 'eyJhbGciOiJIUzI1NiIsInR5cCI6IkpXVCJ9.eyJzdWIiOjEsImVtYWlsIjoidGVzdEBleGFtcGxlLmNvbSIsInJvbGUiOiJ1c2VyIiwiZXhwIjoxNzY1ODE2ODk5fQ.boRSWv9wfVPrT6SoObFeqh4pBfbFV9qN7spyYLRPmIU'
test_sweet = <app.models.sweet.Sweet object at 0x000001858FE166F0>

    def test_get_all_sweets(client, user_token, test_sweet):
        """Test getting all sweets"""
        response = client.get(
            "/api/sweets",
            headers={"Authorization": f"Bearer {user_token}"}
        )
>       assert response.status_code == status.HTTP_200_OK
E       assert 401 == 200
E        +  where 401 = <Response [401 Unauthorized]>.status_code
E        +  and   200 = status.HTTP_200_OK

tests\test_sweets.py:47: AssertionError
---------------------------- Captured stdout call -----------------------------
get_current_user: Token received (first 20 chars): eyJhbGciOiJIUzI1NiIs...
verify_token: JWT Error - Subject must be a string.
get_current_user: Token verification failed
________________________ test_get_sweets_requires_auth ________________________

client = <starlette.testclient.TestClient object at 0x000001858FE17B30>

    def test_get_sweets_requires_auth(client):
        """Test that getting sweets requires authentication"""
        response = client.get("/api/sweets")
>       assert response.status_code == status.HTTP_403_FORBIDDEN
E       assert 401 == 403
E        +  where 401 = <Response [401 Unauthorized]>.status_code
E        +  and   403 = status.HTTP_403_FORBIDDEN

tests\test_sweets.py:57: AssertionError
---------------------------- Captured stdout call -----------------------------
get_current_user: No credentials provided
_________________________ test_search_sweets_by_name __________________________

client = <starlette.testclient.TestClient object at 0x000001858FE17A40>
user_token = 'eyJhbGciOiJIUzI1NiIsInR5cCI6IkpXVCJ9.eyJzdWIiOjEsImVtYWlsIjoidGVzdEBleGFtcGxlLmNvbSIsInJvbGUiOiJ1c2VyIiwiZXhwIjoxNzY1ODE2ODk5fQ.boRSWv9wfVPrT6SoObFeqh4pBfbFV9qN7spyYLRPmIU'
test_sweet = <app.models.sweet.Sweet object at 0x000001858FE146E0>

    def test_search_sweets_by_name(client, user_token, test_sweet):
        """Test searching sweets by name"""
        response = client.get(
            "/api/sweets/search?name=chocolate",
            headers={"Authorization": f"Bearer {user_token}"}
        )
>       assert response.status_code == status.HTTP_200_OK
E       assert 401 == 200
E        +  where 401 = <Response [401 Unauthorized]>.status_code
E        +  and   200 = status.HTTP_200_OK

tests\test_sweets.py:66: AssertionError
---------------------------- Captured stdout call -----------------------------
get_current_user: Token received (first 20 chars): eyJhbGciOiJIUzI1NiIs...
verify_token: JWT Error - Subject must be a string.
get_current_user: Token verification failed
_______________________ test_search_sweets_by_category ________________________

client = <starlette.testclient.TestClient object at 0x000001858FE15280>
user_token = 'eyJhbGciOiJIUzI1NiIsInR5cCI6IkpXVCJ9.eyJzdWIiOjEsImVtYWlsIjoidGVzdEBleGFtcGxlLmNvbSIsInJvbGUiOiJ1c2VyIiwiZXhwIjoxNzY1ODE2OTAwfQ.WC5E3TD_NKA_5nHR_VDzzzZq_CH7m3ffSGU2wrPxC3Y'
test_sweet = <app.models.sweet.Sweet object at 0x000001858FD95550>

    def test_search_sweets_by_category(client, user_token, test_sweet):
        """Test searching sweets by category"""
        response = client.get(
            "/api/sweets/search?category=chocolate",
            headers={"Authorization": f"Bearer {user_token}"}
        )
>       assert response.status_code == status.HTTP_200_OK
E       assert 401 == 200
E        +  where 401 = <Response [401 Unauthorized]>.status_code
E        +  and   200 = status.HTTP_200_OK

tests\test_sweets.py:78: AssertionError
---------------------------- Captured stdout call -----------------------------
get_current_user: Token received (first 20 chars): eyJhbGciOiJIUzI1NiIs...
verify_token: JWT Error - Subject must be a string.
get_current_user: Token verification failed
______________________ test_search_sweets_by_price_range ______________________

client = <starlette.testclient.TestClient object at 0x000001858FE15190>
user_token = 'eyJhbGciOiJIUzI1NiIsInR5cCI6IkpXVCJ9.eyJzdWIiOjEsImVtYWlsIjoidGVzdEBleGFtcGxlLmNvbSIsInJvbGUiOiJ1c2VyIiwiZXhwIjoxNzY1ODE2OTAwfQ.WC5E3TD_NKA_5nHR_VDzzzZq_CH7m3ffSGU2wrPxC3Y'
test_sweet = <app.models.sweet.Sweet object at 0x000001858FE145C0>

    def test_search_sweets_by_price_range(client, user_token, test_sweet):
        """Test searching sweets by price range"""
        response = client.get(
            "/api/sweets/search?minPrice=2&maxPrice=3",
            headers={"Authorization": f"Bearer {user_token}"}
        )
>       assert response.status_code == status.HTTP_200_OK
E       assert 401 == 200
E        +  where 401 = <Response [401 Unauthorized]>.status_code
E        +  and   200 = status.HTTP_200_OK

tests\test_sweets.py:90: AssertionError
---------------------------- Captured stdout call -----------------------------
get_current_user: Token received (first 20 chars): eyJhbGciOiJIUzI1NiIs...
verify_token: JWT Error - Subject must be a string.
get_current_user: Token verification failed
______________________________ test_update_sweet ______________________________

client = <starlette.testclient.TestClient object at 0x000001858FD96390>
user_token = 'eyJhbGciOiJIUzI1NiIsInR5cCI6IkpXVCJ9.eyJzdWIiOjEsImVtYWlsIjoidGVzdEBleGFtcGxlLmNvbSIsInJvbGUiOiJ1c2VyIiwiZXhwIjoxNzY1ODE2OTAxfQ.8uS3E6PZ1bmbPrELbVak7Auwui4bFoLDYSHuhxk9Ows'
test_sweet = <app.models.sweet.Sweet object at 0x000001858FE61D90>

    def test_update_sweet(client, user_token, test_sweet):
        """Test updating a sweet"""
        response = client.put(
            f"/api/sweets/{test_sweet.id}",
            json={
                "name": "Updated Chocolate Bar",
                "price": 3.00
            },
            headers={"Authorization": f"Bearer {user_token}"}
        )
>       assert response.status_code == status.HTTP_200_OK
E       assert 401 == 200
E        +  where 401 = <Response [401 Unauthorized]>.status_code
E        +  and   200 = status.HTTP_200_OK

tests\test_sweets.py:106: AssertionError
---------------------------- Captured stdout call -----------------------------
get_current_user: Token received (first 20 chars): eyJhbGciOiJIUzI1NiIs...
verify_token: JWT Error - Subject must be a string.
get_current_user: Token verification failed
_________________________ test_delete_sweet_as_admin __________________________

client = <starlette.testclient.TestClient object at 0x000001858FD55DC0>
admin_token = 'eyJhbGciOiJIUzI1NiIsInR5cCI6IkpXVCJ9.eyJzdWIiOjEsImVtYWlsIjoiYWRtaW5AZXhhbXBsZS5jb20iLCJyb2xlIjoiYWRtaW4iLCJleHAiOjE3NjU4MTY5MDF9.tX773KU68SaKb55V-Gqf6koXJlOD_PZwwa3qWLSk7ws'
test_sweet = <app.models.sweet.Sweet object at 0x000001858FE62E40>

    def test_delete_sweet_as_admin(client, admin_token, test_sweet):
        """Test deleting a sweet as admin"""
        response = client.delete(
            f"/api/sweets/{test_sweet.id}",
            headers={"Authorization": f"Bearer {admin_token}"}
        )
>       assert response.status_code == status.HTTP_204_NO_CONTENT
E       assert 401 == 204
E        +  where 401 = <Response [401 Unauthorized]>.status_code
E        +  and   204 = status.HTTP_204_NO_CONTENT

tests\test_sweets.py:118: AssertionError
---------------------------- Captured stdout call -----------------------------
get_current_user: Token received (first 20 chars): eyJhbGciOiJIUzI1NiIs...
verify_token: JWT Error - Subject must be a string.
get_current_user: Token verification failed
__________________________ test_delete_sweet_as_user __________________________

client = <starlette.testclient.TestClient object at 0x000001858FE60C20>
user_token = 'eyJhbGciOiJIUzI1NiIsInR5cCI6IkpXVCJ9.eyJzdWIiOjEsImVtYWlsIjoidGVzdEBleGFtcGxlLmNvbSIsInJvbGUiOiJ1c2VyIiwiZXhwIjoxNzY1ODE2OTAyfQ.8KBXZ0MQCIgFKPAjqRFp6kf0AiRzKHPUMiIWo1fWA8c'
test_sweet = <app.models.sweet.Sweet object at 0x000001858FE70B00>

    def test_delete_sweet_as_user(client, user_token, test_sweet):
        """Test that regular users cannot delete sweets"""
        response = client.delete(
            f"/api/sweets/{test_sweet.id}",
            headers={"Authorization": f"Bearer {user_token}"}
        )
>       assert response.status_code == status.HTTP_403_FORBIDDEN
E       assert 401 == 403
E        +  where 401 = <Response [401 Unauthorized]>.status_code
E        +  and   403 = status.HTTP_403_FORBIDDEN

tests\test_sweets.py:134: AssertionError
---------------------------- Captured stdout call -----------------------------
get_current_user: Token received (first 20 chars): eyJhbGciOiJIUzI1NiIs...
verify_token: JWT Error - Subject must be a string.
get_current_user: Token verification failed
============================== warnings summary ===============================
app\config.py:5
  C:\Users\USER\Downloads\kata project\kata project\backend\app\config.py:5: PydanticDeprecatedSince20: Support for class-based `config` is deprecated, use ConfigDict instead. Deprecated in Pydantic V2.0 to be removed in V3.0. See Pydantic V2 Migration Guide at https://errors.pydantic.dev/2.12/migration/
    class Settings(BaseSettings):

app\database.py:18
  C:\Users\USER\Downloads\kata project\kata project\backend\app\database.py:18: MovedIn20Warning: The ``declarative_base()`` function is now available as sqlalchemy.orm.declarative_base(). (deprecated since: 2.0) (Background on SQLAlchemy 2.0 at: https://sqlalche.me/e/b8d9)
    Base = declarative_base()

app\schemas\user.py:16
  C:\Users\USER\Downloads\kata project\kata project\backend\app\schemas\user.py:16: PydanticDeprecatedSince20: Support for class-based `config` is deprecated, use ConfigDict instead. Deprecated in Pydantic V2.0 to be removed in V3.0. See Pydantic V2 Migration Guide at https://errors.pydantic.dev/2.12/migration/
    class UserResponse(BaseModel):

app\schemas\sweet.py:20
  C:\Users\USER\Downloads\kata project\kata project\backend\app\schemas\sweet.py:20: PydanticDeprecatedSince20: Support for class-based `config` is deprecated, use ConfigDict instead. Deprecated in Pydantic V2.0 to be removed in V3.0. See Pydantic V2 Migration Guide at https://errors.pydantic.dev/2.12/migration/
    class SweetResponse(BaseModel):

app\main.py:23
  C:\Users\USER\Downloads\kata project\kata project\backend\app\main.py:23: DeprecationWarning: 
          on_event is deprecated, use lifespan event handlers instead.
  
          Read more about it in the
          [FastAPI docs for Lifespan Events](https://fastapi.tiangolo.com/advanced/events/).
          
    @app.on_event("startup")

venv\Lib\site-packages\fastapi\applications.py:4580
  C:\Users\USER\Downloads\kata project\kata project\backend\venv\Lib\site-packages\fastapi\applications.py:4580: DeprecationWarning: 
          on_event is deprecated, use lifespan event handlers instead.
  
          Read more about it in the
          [FastAPI docs for Lifespan Events](https://fastapi.tiangolo.com/advanced/events/).
          
    return self.router.on_event(event_type)

tests/test_auth.py: 2 warnings
tests/test_inventory.py: 5 warnings
tests/test_sweets.py: 9 warnings
  C:\Users\USER\Downloads\kata project\kata project\backend\app\utils\auth.py:34: DeprecationWarning: datetime.datetime.utcnow() is deprecated and scheduled for removal in a future version. Use timezone-aware objects to represent datetimes in UTC: datetime.datetime.now(datetime.UTC).
    expire = datetime.utcnow() + expires_delta

tests/test_inventory.py::test_restock_invalid_quantity
  C:\Users\USER\Downloads\kata project\kata project\backend\venv\Lib\site-packages\_pytest\python.py:166: DeprecationWarning: 'HTTP_422_UNPROCESSABLE_ENTITY' is deprecated. Use 'HTTP_422_UNPROCESSABLE_CONTENT' instead.
    result = testfunction(**testargs)

-- Docs: https://docs.pytest.org/en/stable/how-to/capture-warnings.html
=============================== tests coverage ================================
_______________ coverage: platform win32, python 3.12.4-final-0 _______________

Name                         Stmts   Miss  Cover   Missing
----------------------------------------------------------
app\__init__.py                  0      0   100%
app\config.py                   14      0   100%
app\database.py                 16      4    75%   23-27
app\main.py                     18      2    89%   35, 44
app\middleware\__init__.py       2      0   100%
app\middleware\auth.py          37     19    49%   35-66, 73-78
app\models\__init__.py           3      0   100%
app\models\sweet.py             13      0   100%
app\models\user.py              10      0   100%
app\routers\__init__.py          0      0   100%
app\routers\auth.py             35      1    97%   58
app\routers\inventory.py        33     18    45%   24-40, 51-67
app\routers\sweets.py           62     41    34%   20-24, 33-39, 52-67, 77-83, 94-108, 118-127
app\schemas\__init__.py          3      0   100%
app\schemas\sweet.py            23      0   100%
app\schemas\user.py             19      0   100%
app\services\__init__.py         0      0   100%
app\utils\__init__.py            2      0   100%
app\utils\auth.py               41     13    68%   12, 15, 17-19, 36, 47-48, 50-51, 55-57
----------------------------------------------------------
TOTAL                          331     98    70%
Coverage HTML written to dir htmlcov
Coverage XML written to file coverage.xml
=========================== short test summary info ===========================
FAILED tests/test_inventory.py::test_purchase_sweet - assert 401 == 200
 +  where 401 = <Response [401 Unauthorized]>.status_code
 +  and   200 = status.HTTP_200_OK
FAILED tests/test_inventory.py::test_purchase_sweet_out_of_stock - assert 401 == 400
 +  where 401 = <Response [401 Unauthorized]>.status_code
 +  and   400 = status.HTTP_400_BAD_REQUEST
FAILED tests/test_inventory.py::test_restock_sweet_as_admin - assert 401 == 200
 +  where 401 = <Response [401 Unauthorized]>.status_code
 +  and   200 = status.HTTP_200_OK
FAILED tests/test_inventory.py::test_restock_sweet_as_user - assert 401 == 403
 +  where 401 = <Response [401 Unauthorized]>.status_code
 +  and   403 = status.HTTP_403_FORBIDDEN
FAILED tests/test_inventory.py::test_restock_invalid_quantity - assert 401 == 422
 +  where 401 = <Response [401 Unauthorized]>.status_code
 +  and   422 = status.HTTP_422_UNPROCESSABLE_ENTITY
FAILED tests/test_sweets.py::test_create_sweet_as_admin - assert 401 == 201
 +  where 401 = <Response [401 Unauthorized]>.status_code
 +  and   201 = status.HTTP_201_CREATED
FAILED tests/test_sweets.py::test_create_sweet_as_user - assert 401 == 403
 +  where 401 = <Response [401 Unauthorized]>.status_code
 +  and   403 = status.HTTP_403_FORBIDDEN
FAILED tests/test_sweets.py::test_get_all_sweets - assert 401 == 200
 +  where 401 = <Response [401 Unauthorized]>.status_code
 +  and   200 = status.HTTP_200_OK
FAILED tests/test_sweets.py::test_get_sweets_requires_auth - assert 401 == 403
 +  where 401 = <Response [401 Unauthorized]>.status_code
 +  and   403 = status.HTTP_403_FORBIDDEN
FAILED tests/test_sweets.py::test_search_sweets_by_name - assert 401 == 200
 +  where 401 = <Response [401 Unauthorized]>.status_code
 +  and   200 = status.HTTP_200_OK
FAILED tests/test_sweets.py::test_search_sweets_by_category - assert 401 == 200
 +  where 401 = <Response [401 Unauthorized]>.status_code
 +  and   200 = status.HTTP_200_OK
FAILED tests/test_sweets.py::test_search_sweets_by_price_range - assert 401 == 200
 +  where 401 = <Response [401 Unauthorized]>.status_code
 +  and   200 = status.HTTP_200_OK
FAILED tests/test_sweets.py::test_update_sweet - assert 401 == 200
 +  where 401 = <Response [401 Unauthorized]>.status_code
 +  and   200 = status.HTTP_200_OK
FAILED tests/test_sweets.py::test_delete_sweet_as_admin - assert 401 == 204
 +  where 401 = <Response [401 Unauthorized]>.status_code
 +  and   204 = status.HTTP_204_NO_CONTENT
FAILED tests/test_sweets.py::test_delete_sweet_as_user - assert 401 == 403
 +  where 401 = <Response [401 Unauthorized]>.status_code
 +  and   403 = status.HTTP_403_FORBIDDEN
================== 15 failed, 5 passed, 23 warnings in 8.06s ==================
